WARNING: All log messages before absl::InitializeLog() is called are written to STDERR
I0000 00:00:1777437154.878251   77144 cudart_stub.cc:31] Could not find cuda drivers on your machine, GPU will not be used.
I0000 00:00:1777437154.958422   77144 cpu_feature_guard.cc:227] This TensorFlow binary is optimized to use available CPU instructions in performance-critical operations.
To enable the following instructions: AVX2 FMA, in other operations, rebuild TensorFlow with the appropriate compiler flags.
WARNING: All log messages before absl::InitializeLog() is called are written to STDERR
I0000 00:00:1777437157.179833   77144 cudart_stub.cc:31] Could not find cuda drivers on your machine, GPU will not be used.
INFO: Could not mount Drive, falling back to local storage: No module named 'google.colab'
INFO: Initializing Forward Models...
0 files missing from root.txt in /home/jules/mne_data/MNE-fsaverage-data
0 files missing from bem.txt in /home/jules/mne_data/MNE-fsaverage-data/fsaverage
Setting up the source space with the following parameters:

SUBJECTS_DIR = /home/jules/mne_data/MNE-fsaverage-data
Subject      = fsaverage
Surface      = white
Icosahedron subdivision grade 4

>>> 1. Creating the source space...

Doing the icosahedral vertex picking...
Loading /home/jules/mne_data/MNE-fsaverage-data/fsaverage/surf/lh.white...
Mapping lh fsaverage -> ico (4) ...
    Warning: zero size triangles: [3 4]
    Triangle neighbors and vertex normals...
Loading geometry from /home/jules/mne_data/MNE-fsaverage-data/fsaverage/surf/lh.sphere...
Setting up the triangulation for the decimated surface...
loaded lh.white 2562/163842 selected to source space (ico = 4)

Loading /home/jules/mne_data/MNE-fsaverage-data/fsaverage/surf/rh.white...
Mapping rh fsaverage -> ico (4) ...
    Warning: zero size triangles: [3 4]
    Triangle neighbors and vertex normals...
Loading geometry from /home/jules/mne_data/MNE-fsaverage-data/fsaverage/surf/rh.sphere...
Setting up the triangulation for the decimated surface...
loaded rh.white 2562/163842 selected to source space (ico = 4)

You are now one step closer to computing the gain matrix
Source space          : <SourceSpaces: [<surface (lh), n_vertices=163842, n_used=2562>, <surface (rh), n_vertices=163842, n_used=2562>] MRI (surface RAS) coords, subject 'fsaverage', ~25.2 MiB>
MRI -> head transform : /home/jules/mne_data/MNE-fsaverage-data/fsaverage/bem/fsaverage-trans.fif
Measurement data      : instance of Info
Conductor model   : /home/jules/mne_data/MNE-fsaverage-data/fsaverage/bem/fsaverage-5120-5120-5120-bem-sol.fif
Accurate field computations
Do computations in head coordinates
Free source orientations

Read 2 source spaces a total of 5124 active source locations

Coordinate transformation: MRI (surface RAS) -> head
    0.999994 0.003552 0.000202      -1.76 mm
    -0.003558 0.998389 0.056626      31.09 mm
    -0.000001 -0.056626 0.998395      39.60 mm
    0.000000 0.000000 0.000000       1.00

Read  61 EEG channels from info
Head coordinate coil definitions created.
Source spaces are now in head coordinates.

Setting up the BEM model using /home/jules/mne_data/MNE-fsaverage-data/fsaverage/bem/fsaverage-5120-5120-5120-bem-sol.fif...

Loading surfaces...

Loading the solution matrix...

Three-layer model surfaces loaded.
Loaded linear collocation BEM solution from /home/jules/mne_data/MNE-fsaverage-data/fsaverage/bem/fsaverage-5120-5120-5120-bem-sol.fif
Employing the head->MRI coordinate transform with the BEM model.
BEM model fsaverage-5120-5120-5120-bem-sol.fif is now set up


Source spaces are in head coordinates.
Checking that the sources are inside the surface and at least    5.0 mm away (will take a few...)
Checking surface interior status for 2562 points...
    Found  609/2562 points inside  an interior sphere of radius   47.7 mm
    Found    0/2562 points outside an exterior sphere of radius   98.3 mm
    Found    0/1953 points outside using surface Qhull
    Found    0/1953 points outside using solid angles
    Total 2562/2562 points inside the surface
Interior check completed in 3129.6 ms
Checking surface interior status for 2562 points...
    Found  561/2562 points inside  an interior sphere of radius   47.7 mm
    Found    0/2562 points outside an exterior sphere of radius   98.3 mm
    Found    0/2001 points outside using surface Qhull
    Found    0/2001 points outside using solid angles
    Total 2562/2562 points inside the surface
Interior check completed in 3211.7 ms
Setting up for EEG...
Computing EEG at 5124 source locations (free orientations)...
[Parallel(n_jobs=-1)]: Using backend LokyBackend with 4 concurrent workers.
[Parallel(n_jobs=-1)]: Done   2 out of   4 | elapsed:    3.3s remaining:    3.3s
[Parallel(n_jobs=-1)]: Done   4 out of   4 | elapsed:    3.5s finished

Finished.
    No patch info available. The standard source space normals will be employed in the rotation to the local surface coordinates....
    Changing to fixed-orientation forward solution with surface-based source orientations...
    [done]
0 files missing from root.txt in /home/jules/mne_data/MNE-fsaverage-data
0 files missing from bem.txt in /home/jules/mne_data/MNE-fsaverage-data/fsaverage
Setting up the source space with the following parameters:

SUBJECTS_DIR = /home/jules/mne_data/MNE-fsaverage-data
Subject      = fsaverage
Surface      = white
Icosahedron subdivision grade 4

>>> 1. Creating the source space...

Doing the icosahedral vertex picking...
Loading /home/jules/mne_data/MNE-fsaverage-data/fsaverage/surf/lh.white...
Mapping lh fsaverage -> ico (4) ...
    Warning: zero size triangles: [3 4]
    Triangle neighbors and vertex normals...
Loading geometry from /home/jules/mne_data/MNE-fsaverage-data/fsaverage/surf/lh.sphere...
Setting up the triangulation for the decimated surface...
loaded lh.white 2562/163842 selected to source space (ico = 4)

Loading /home/jules/mne_data/MNE-fsaverage-data/fsaverage/surf/rh.white...
Mapping rh fsaverage -> ico (4) ...
    Warning: zero size triangles: [3 4]
    Triangle neighbors and vertex normals...
Loading geometry from /home/jules/mne_data/MNE-fsaverage-data/fsaverage/surf/rh.sphere...
Setting up the triangulation for the decimated surface...
loaded rh.white 2562/163842 selected to source space (ico = 4)

You are now one step closer to computing the gain matrix
Source space          : <SourceSpaces: [<surface (lh), n_vertices=163842, n_used=2562>, <surface (rh), n_vertices=163842, n_used=2562>] MRI (surface RAS) coords, subject 'fsaverage', ~25.2 MiB>
MRI -> head transform : /home/jules/mne_data/MNE-fsaverage-data/fsaverage/bem/fsaverage-trans.fif
Measurement data      : instance of Info
Conductor model   : /home/jules/mne_data/MNE-fsaverage-data/fsaverage/bem/fsaverage-5120-5120-5120-bem-sol.fif
Accurate field computations
Do computations in head coordinates
Free source orientations

Read 2 source spaces a total of 5124 active source locations

Coordinate transformation: MRI (surface RAS) -> head
    0.999994 0.003552 0.000202      -1.76 mm
    -0.003558 0.998389 0.056626      31.09 mm
    -0.000001 -0.056626 0.998395      39.60 mm
    0.000000 0.000000 0.000000       1.00

Read  61 EEG channels from info
Head coordinate coil definitions created.
Source spaces are now in head coordinates.

Setting up the BEM model using /home/jules/mne_data/MNE-fsaverage-data/fsaverage/bem/fsaverage-5120-5120-5120-bem-sol.fif...

Loading surfaces...

Loading the solution matrix...

Three-layer model surfaces loaded.
Loaded linear collocation BEM solution from /home/jules/mne_data/MNE-fsaverage-data/fsaverage/bem/fsaverage-5120-5120-5120-bem-sol.fif
Employing the head->MRI coordinate transform with the BEM model.
BEM model fsaverage-5120-5120-5120-bem-sol.fif is now set up


Source spaces are in head coordinates.
Checking that the sources are inside the surface and at least    5.0 mm away (will take a few...)
Checking surface interior status for 2562 points...
    Found  609/2562 points inside  an interior sphere of radius   47.7 mm
    Found    0/2562 points outside an exterior sphere of radius   98.3 mm
    Found    0/1953 points outside using surface Qhull
    Found    0/1953 points outside using solid angles
    Total 2562/2562 points inside the surface
Interior check completed in 3158.7 ms
Checking surface interior status for 2562 points...
    Found  561/2562 points inside  an interior sphere of radius   47.7 mm
    Found    0/2562 points outside an exterior sphere of radius   98.3 mm
    Found    0/2001 points outside using surface Qhull
    Found    0/2001 points outside using solid angles
    Total 2562/2562 points inside the surface
Interior check completed in 3358.7 ms
Setting up for EEG...
Computing EEG at 5124 source locations (free orientations)...
[Parallel(n_jobs=-1)]: Using backend LokyBackend with 4 concurrent workers.
[Parallel(n_jobs=-1)]: Done   2 out of   4 | elapsed:    1.0s remaining:    1.0s
[Parallel(n_jobs=-1)]: Done   4 out of   4 | elapsed:    1.1s finished

Finished.
    No patch info available. The standard source space normals will be employed in the rotation to the local surface coordinates....
    Changing to fixed-orientation forward solution with surface-based source orientations...
    [done]
    No patch info available. The standard source space normals will be employed in the rotation to the local surface coordinates....
    Changing to fixed-orientation forward solution with surface-based source orientations...
    [done]
-- number of adjacent vertices : 5124
INFO: Starting Incremental Training for 2000 samples in 2 chunks.
INFO:
--- Processing Chunk 1/2 ---
-- number of adjacent vertices : 5124
Simulating data based on sparse patches.
  0%|          | 0/1000 [00:00<?, ?it/s]  0%|          | 1/1000 [00:03<1:00:32,  3.64s/it]  1%|          | 9/1000 [00:03<05:01,  3.28it/s]    2%|▏         | 16/1000 [00:03<02:27,  6.68it/s]  2%|▏         | 22/1000 [00:03<01:36, 10.14it/s]  3%|▎         | 29/1000 [00:04<01:03, 15.35it/s]  4%|▎         | 37/1000 [00:04<00:43, 22.31it/s]  4%|▍         | 45/1000 [00:04<00:32, 29.18it/s]  5%|▌         | 54/1000 [00:04<00:25, 37.32it/s]  6%|▌         | 61/1000 [00:04<00:22, 41.60it/s]  7%|▋         | 68/1000 [00:04<00:21, 43.99it/s]  8%|▊         | 76/1000 [00:04<00:18, 50.97it/s]  8%|▊         | 83/1000 [00:04<00:17, 52.35it/s]  9%|▉         | 90/1000 [00:05<00:16, 54.99it/s] 10%|▉         | 98/1000 [00:05<00:14, 60.15it/s] 11%|█         | 106/1000 [00:05<00:14, 63.49it/s] 11%|█▏        | 113/1000 [00:05<00:14, 59.95it/s] 12%|█▏        | 120/1000 [00:05<00:14, 60.44it/s] 13%|█▎        | 127/1000 [00:05<00:15, 54.65it/s] 14%|█▎        | 137/1000 [00:05<00:13, 64.98it/s] 14%|█▍        | 144/1000 [00:05<00:16, 52.21it/s] 15%|█▌        | 150/1000 [00:06<00:21, 39.14it/s] 16%|█▌        | 155/1000 [00:06<00:21, 40.14it/s] 16%|█▌        | 160/1000 [00:06<00:23, 35.75it/s] 16%|█▋        | 165/1000 [00:06<00:23, 36.08it/s] 17%|█▋        | 170/1000 [00:06<00:21, 37.92it/s] 18%|█▊        | 177/1000 [00:06<00:18, 44.60it/s] 18%|█▊        | 182/1000 [00:06<00:18, 44.65it/s] 19%|█▊        | 187/1000 [00:07<00:17, 45.23it/s] 19%|█▉        | 193/1000 [00:07<00:17, 46.25it/s] 20%|█▉        | 199/1000 [00:07<00:16, 49.06it/s] 20%|██        | 205/1000 [00:07<00:16, 46.84it/s] 21%|██        | 212/1000 [00:07<00:15, 51.06it/s] 22%|██▏       | 218/1000 [00:07<00:15, 50.30it/s] 22%|██▏       | 224/1000 [00:07<00:14, 52.05it/s] 23%|██▎       | 232/1000 [00:07<00:13, 55.35it/s] 24%|██▍       | 238/1000 [00:08<00:13, 55.06it/s] 25%|██▍       | 246/1000 [00:08<00:12, 61.04it/s] 25%|██▌       | 253/1000 [00:08<00:12, 58.83it/s] 26%|██▌       | 259/1000 [00:08<00:12, 57.10it/s] 27%|██▋       | 266/1000 [00:08<00:12, 60.31it/s] 27%|██▋       | 273/1000 [00:08<00:12, 59.10it/s] 28%|██▊       | 279/1000 [00:08<00:12, 57.73it/s] 28%|██▊       | 285/1000 [00:08<00:13, 53.70it/s] 29%|██▉       | 291/1000 [00:08<00:13, 52.04it/s] 30%|██▉       | 297/1000 [00:09<00:14, 50.12it/s] 30%|███       | 303/1000 [00:09<00:13, 50.46it/s] 31%|███       | 309/1000 [00:09<00:13, 51.38it/s] 32%|███▏      | 316/1000 [00:09<00:12, 56.27it/s] 32%|███▏      | 322/1000 [00:09<00:12, 55.36it/s] 33%|███▎      | 328/1000 [00:09<00:12, 55.25it/s] 33%|███▎      | 334/1000 [00:09<00:12, 51.88it/s] 34%|███▍      | 342/1000 [00:09<00:11, 56.63it/s] 35%|███▍      | 348/1000 [00:10<00:12, 52.61it/s] 36%|███▌      | 356/1000 [00:10<00:10, 59.26it/s] 36%|███▋      | 363/1000 [00:10<00:10, 58.92it/s] 37%|███▋      | 369/1000 [00:10<00:10, 58.68it/s] 38%|███▊      | 375/1000 [00:10<00:10, 58.13it/s] 38%|███▊      | 381/1000 [00:10<00:10, 56.86it/s] 39%|███▊      | 387/1000 [00:10<00:11, 55.61it/s] 39%|███▉      | 394/1000 [00:10<00:10, 58.54it/s] 40%|████      | 400/1000 [00:10<00:10, 58.12it/s] 41%|████      | 406/1000 [00:11<00:10, 57.39it/s] 41%|████      | 412/1000 [00:11<00:10, 57.56it/s] 42%|████▏     | 420/1000 [00:11<00:09, 59.66it/s] 43%|████▎     | 426/1000 [00:11<00:10, 55.66it/s] 43%|████▎     | 433/1000 [00:11<00:09, 57.40it/s] 44%|████▍     | 439/1000 [00:11<00:09, 57.43it/s] 44%|████▍     | 445/1000 [00:11<00:09, 57.29it/s] 45%|████▌     | 451/1000 [00:11<00:09, 58.00it/s] 46%|████▌     | 458/1000 [00:11<00:08, 60.29it/s] 46%|████▋     | 465/1000 [00:12<00:09, 56.46it/s] 47%|████▋     | 471/1000 [00:12<00:09, 55.66it/s] 48%|████▊     | 477/1000 [00:12<00:09, 55.41it/s] 48%|████▊     | 483/1000 [00:12<00:09, 56.47it/s] 49%|████▉     | 489/1000 [00:12<00:09, 55.12it/s] 50%|████▉     | 497/1000 [00:12<00:08, 61.45it/s] 50%|█████     | 504/1000 [00:12<00:07, 63.21it/s] 51%|█████     | 511/1000 [00:12<00:07, 62.29it/s] 52%|█████▏    | 518/1000 [00:12<00:07, 63.39it/s] 52%|█████▎    | 525/1000 [00:13<00:08, 57.38it/s] 53%|█████▎    | 531/1000 [00:13<00:08, 54.47it/s] 54%|█████▎    | 537/1000 [00:13<00:08, 53.54it/s] 54%|█████▍    | 543/1000 [00:13<00:08, 52.03it/s] 55%|█████▌    | 550/1000 [00:13<00:08, 56.25it/s] 56%|█████▌    | 556/1000 [00:13<00:08, 52.62it/s] 56%|█████▌    | 562/1000 [00:13<00:08, 49.42it/s] 57%|█████▋    | 569/1000 [00:13<00:08, 51.89it/s] 57%|█████▊    | 575/1000 [00:14<00:07, 53.81it/s] 58%|█████▊    | 582/1000 [00:14<00:07, 57.74it/s] 59%|█████▉    | 588/1000 [00:14<00:07, 55.93it/s] 59%|█████▉    | 594/1000 [00:14<00:07, 54.81it/s] 60%|██████    | 601/1000 [00:14<00:06, 57.19it/s] 61%|██████    | 607/1000 [00:14<00:06, 57.51it/s] 61%|██████▏   | 613/1000 [00:14<00:07, 54.55it/s] 62%|██████▏   | 619/1000 [00:14<00:07, 54.42it/s] 62%|██████▎   | 625/1000 [00:14<00:06, 54.73it/s] 63%|██████▎   | 631/1000 [00:15<00:07, 49.13it/s] 64%|██████▍   | 639/1000 [00:15<00:06, 54.39it/s] 65%|██████▍   | 647/1000 [00:15<00:05, 59.67it/s] 66%|██████▌   | 655/1000 [00:15<00:05, 62.21it/s] 66%|██████▌   | 662/1000 [00:15<00:05, 61.43it/s] 67%|██████▋   | 669/1000 [00:15<00:05, 60.19it/s] 68%|██████▊   | 676/1000 [00:15<00:05, 62.10it/s] 68%|██████▊   | 683/1000 [00:15<00:05, 60.99it/s] 69%|██████▉   | 690/1000 [00:16<00:05, 55.13it/s] 70%|██████▉   | 696/1000 [00:16<00:05, 53.86it/s] 70%|███████   | 702/1000 [00:16<00:05, 53.06it/s] 71%|███████   | 708/1000 [00:16<00:05, 51.39it/s] 71%|███████▏  | 714/1000 [00:16<00:05, 50.62it/s] 72%|███████▏  | 721/1000 [00:16<00:05, 55.14it/s] 73%|███████▎  | 727/1000 [00:16<00:04, 56.36it/s] 73%|███████▎  | 733/1000 [00:16<00:04, 56.62it/s] 74%|███████▍  | 739/1000 [00:16<00:04, 57.20it/s] 75%|███████▍  | 746/1000 [00:17<00:04, 56.27it/s] 75%|███████▌  | 753/1000 [00:17<00:04, 55.61it/s] 76%|███████▌  | 759/1000 [00:17<00:04, 56.70it/s] 77%|███████▋  | 766/1000 [00:17<00:03, 59.18it/s] 77%|███████▋  | 772/1000 [00:17<00:03, 58.73it/s] 78%|███████▊  | 778/1000 [00:17<00:03, 57.95it/s] 78%|███████▊  | 784/1000 [00:17<00:03, 54.65it/s] 79%|███████▉  | 790/1000 [00:17<00:04, 51.91it/s] 80%|███████▉  | 796/1000 [00:17<00:04, 50.60it/s] 80%|████████  | 803/1000 [00:18<00:03, 55.32it/s] 81%|████████  | 809/1000 [00:18<00:03, 53.58it/s] 82%|████████▏ | 815/1000 [00:18<00:03, 52.58it/s] 82%|████████▏ | 821/1000 [00:18<00:03, 54.01it/s] 83%|████████▎ | 828/1000 [00:18<00:03, 57.30it/s] 83%|████████▎ | 834/1000 [00:18<00:02, 58.02it/s] 84%|████████▍ | 840/1000 [00:18<00:02, 57.94it/s] 85%|████████▍ | 846/1000 [00:18<00:02, 57.49it/s] 85%|████████▌ | 854/1000 [00:18<00:02, 61.12it/s] 86%|████████▌ | 861/1000 [00:19<00:02, 61.59it/s] 87%|████████▋ | 868/1000 [00:19<00:02, 63.12it/s] 88%|████████▊ | 876/1000 [00:19<00:01, 66.56it/s] 88%|████████▊ | 883/1000 [00:19<00:01, 60.65it/s] 89%|████████▉ | 890/1000 [00:19<00:01, 61.05it/s] 90%|████████▉ | 898/1000 [00:19<00:01, 66.10it/s] 91%|█████████ | 907/1000 [00:19<00:01, 70.15it/s] 92%|█████████▏| 915/1000 [00:19<00:01, 67.90it/s] 92%|█████████▏| 922/1000 [00:19<00:01, 67.91it/s] 93%|█████████▎| 929/1000 [00:20<00:01, 62.27it/s] 94%|█████████▎| 936/1000 [00:20<00:01, 62.25it/s] 94%|█████████▍| 943/1000 [00:20<00:00, 59.95it/s] 95%|█████████▌| 950/1000 [00:20<00:00, 60.81it/s] 96%|█████████▌| 957/1000 [00:20<00:00, 61.76it/s] 96%|█████████▋| 965/1000 [00:20<00:00, 65.60it/s] 97%|█████████▋| 973/1000 [00:20<00:00, 67.98it/s] 98%|█████████▊| 980/1000 [00:20<00:00, 66.82it/s] 99%|█████████▊| 987/1000 [00:21<00:00, 66.71it/s] 99%|█████████▉| 994/1000 [00:21<00:00, 60.44it/s]100%|██████████| 1000/1000 [00:21<00:00, 47.04it/s]
  0%|          | 0/1000 [00:00<?, ?it/s] 21%|██        | 206/1000 [00:00<00:00, 2055.04it/s] 41%|████      | 412/1000 [00:00<00:00, 1995.20it/s] 61%|██████    | 612/1000 [00:00<00:00, 1760.56it/s] 79%|███████▉  | 791/1000 [00:00<00:00, 1725.50it/s] 98%|█████████▊| 981/1000 [00:00<00:00, 1782.56it/s]100%|██████████| 1000/1000 [00:00<00:00, 1808.01it/s]
  0%|          | 0/1000 [00:00<?, ?it/s]  0%|          | 2/1000 [00:00<01:20, 12.37it/s]  0%|          | 4/1000 [00:00<01:15, 13.23it/s]  1%|          | 6/1000 [00:00<01:14, 13.38it/s]  1%|          | 8/1000 [00:00<01:13, 13.54it/s]  1%|          | 10/1000 [00:00<01:12, 13.56it/s]  1%|          | 12/1000 [00:00<01:12, 13.57it/s]  1%|▏         | 14/1000 [00:01<01:12, 13.62it/s]  2%|▏         | 16/1000 [00:01<01:12, 13.57it/s]  2%|▏         | 18/1000 [00:01<01:12, 13.60it/s]  2%|▏         | 20/1000 [00:01<01:11, 13.62it/s]  2%|▏         | 22/1000 [00:01<01:11, 13.63it/s]  2%|▏         | 24/1000 [00:01<01:11, 13.60it/s]  3%|▎         | 26/1000 [00:01<01:11, 13.60it/s]  3%|▎         | 28/1000 [00:02<01:11, 13.66it/s]  3%|▎         | 30/1000 [00:02<01:12, 13.42it/s]  3%|▎         | 32/1000 [00:02<01:12, 13.40it/s]  3%|▎         | 34/1000 [00:02<01:11, 13.43it/s]  4%|▎         | 36/1000 [00:02<01:12, 13.30it/s]  4%|▍         | 38/1000 [00:02<01:14, 12.93it/s]  4%|▍         | 40/1000 [00:02<01:13, 13.12it/s]  4%|▍         | 42/1000 [00:03<01:12, 13.29it/s]  4%|▍         | 44/1000 [00:03<01:11, 13.43it/s]  5%|▍         | 46/1000 [00:03<01:10, 13.54it/s]  5%|▍         | 48/1000 [00:03<01:10, 13.57it/s]  5%|▌         | 50/1000 [00:03<01:09, 13.58it/s]  5%|▌         | 52/1000 [00:03<01:10, 13.51it/s]  5%|▌         | 54/1000 [00:04<01:10, 13.39it/s]  6%|▌         | 56/1000 [00:04<01:10, 13.47it/s]  6%|▌         | 58/1000 [00:04<01:09, 13.57it/s]  6%|▌         | 60/1000 [00:04<01:09, 13.54it/s]  6%|▌         | 62/1000 [00:04<01:08, 13.61it/s]  6%|▋         | 64/1000 [00:04<01:09, 13.44it/s]  7%|▋         | 66/1000 [00:04<01:09, 13.38it/s]  7%|▋         | 68/1000 [00:05<01:09, 13.43it/s]  7%|▋         | 70/1000 [00:05<01:08, 13.50it/s]  7%|▋         | 72/1000 [00:05<01:08, 13.57it/s]  7%|▋         | 74/1000 [00:05<01:07, 13.62it/s]  8%|▊         | 76/1000 [00:05<01:07, 13.65it/s]  8%|▊         | 78/1000 [00:05<01:07, 13.69it/s]  8%|▊         | 80/1000 [00:05<01:11, 12.79it/s]  8%|▊         | 82/1000 [00:06<01:14, 12.31it/s]  8%|▊         | 84/1000 [00:06<01:12, 12.66it/s]  9%|▊         | 86/1000 [00:06<01:10, 12.92it/s]  9%|▉         | 88/1000 [00:06<01:09, 13.11it/s]  9%|▉         | 90/1000 [00:06<01:08, 13.21it/s]  9%|▉         | 92/1000 [00:06<01:08, 13.32it/s]  9%|▉         | 94/1000 [00:07<01:07, 13.38it/s] 10%|▉         | 96/1000 [00:07<01:07, 13.41it/s] 10%|▉         | 98/1000 [00:07<01:07, 13.46it/s] 10%|█         | 100/1000 [00:07<01:06, 13.52it/s] 10%|█         | 102/1000 [00:07<01:06, 13.60it/s] 10%|█         | 104/1000 [00:07<01:05, 13.66it/s] 11%|█         | 106/1000 [00:07<01:05, 13.70it/s] 11%|█         | 108/1000 [00:08<01:05, 13.63it/s] 11%|█         | 110/1000 [00:08<01:04, 13.69it/s] 11%|█         | 112/1000 [00:08<01:04, 13.73it/s] 11%|█▏        | 114/1000 [00:08<01:04, 13.73it/s] 12%|█▏        | 116/1000 [00:08<01:04, 13.75it/s] 12%|█▏        | 118/1000 [00:08<01:04, 13.71it/s] 12%|█▏        | 120/1000 [00:08<01:04, 13.71it/s] 12%|█▏        | 122/1000 [00:09<01:03, 13.72it/s] 12%|█▏        | 124/1000 [00:09<01:04, 13.68it/s] 13%|█▎        | 126/1000 [00:09<01:04, 13.66it/s] 13%|█▎        | 128/1000 [00:09<01:03, 13.69it/s] 13%|█▎        | 130/1000 [00:09<01:03, 13.74it/s] 13%|█▎        | 132/1000 [00:09<01:03, 13.71it/s] 13%|█▎        | 134/1000 [00:09<01:03, 13.73it/s] 14%|█▎        | 136/1000 [00:10<01:03, 13.70it/s] 14%|█▍        | 138/1000 [00:10<01:02, 13.70it/s] 14%|█▍        | 140/1000 [00:10<01:02, 13.67it/s] 14%|█▍        | 142/1000 [00:10<01:02, 13.68it/s] 14%|█▍        | 144/1000 [00:10<01:02, 13.68it/s] 15%|█▍        | 146/1000 [00:10<01:02, 13.70it/s] 15%|█▍        | 148/1000 [00:10<01:02, 13.70it/s] 15%|█▌        | 150/1000 [00:11<01:01, 13.75it/s] 15%|█▌        | 152/1000 [00:11<01:01, 13.75it/s] 15%|█▌        | 154/1000 [00:11<01:01, 13.76it/s] 16%|█▌        | 156/1000 [00:11<01:01, 13.77it/s] 16%|█▌        | 158/1000 [00:11<01:01, 13.63it/s] 16%|█▌        | 160/1000 [00:11<01:01, 13.67it/s] 16%|█▌        | 162/1000 [00:11<01:01, 13.62it/s] 16%|█▋        | 164/1000 [00:12<01:01, 13.56it/s] 17%|█▋        | 166/1000 [00:12<01:01, 13.63it/s] 17%|█▋        | 168/1000 [00:12<01:01, 13.57it/s] 17%|█▋        | 170/1000 [00:12<01:00, 13.62it/s] 17%|█▋        | 172/1000 [00:12<01:00, 13.69it/s] 17%|█▋        | 174/1000 [00:12<01:00, 13.66it/s] 18%|█▊        | 176/1000 [00:13<01:00, 13.69it/s] 18%|█▊        | 178/1000 [00:13<00:59, 13.73it/s] 18%|█▊        | 180/1000 [00:13<01:00, 13.45it/s] 18%|█▊        | 182/1000 [00:13<01:01, 13.36it/s] 18%|█▊        | 184/1000 [00:13<01:01, 13.32it/s] 19%|█▊        | 186/1000 [00:13<01:00, 13.40it/s] 19%|█▉        | 188/1000 [00:13<01:00, 13.42it/s] 19%|█▉        | 190/1000 [00:14<00:59, 13.51it/s] 19%|█▉        | 192/1000 [00:14<00:59, 13.49it/s] 19%|█▉        | 194/1000 [00:14<00:59, 13.49it/s] 20%|█▉        | 196/1000 [00:14<00:59, 13.43it/s] 20%|█▉        | 198/1000 [00:14<00:59, 13.44it/s] 20%|██        | 200/1000 [00:14<00:59, 13.40it/s] 20%|██        | 202/1000 [00:14<00:59, 13.39it/s] 20%|██        | 204/1000 [00:15<00:59, 13.48it/s] 21%|██        | 206/1000 [00:15<00:58, 13.55it/s] 21%|██        | 208/1000 [00:15<00:58, 13.50it/s] 21%|██        | 210/1000 [00:15<00:59, 13.35it/s] 21%|██        | 212/1000 [00:15<00:59, 13.30it/s] 21%|██▏       | 214/1000 [00:15<00:59, 13.26it/s] 22%|██▏       | 216/1000 [00:16<00:59, 13.18it/s] 22%|██▏       | 218/1000 [00:16<00:59, 13.14it/s] 22%|██▏       | 220/1000 [00:16<00:58, 13.31it/s] 22%|██▏       | 222/1000 [00:16<00:59, 13.16it/s] 22%|██▏       | 224/1000 [00:16<00:58, 13.17it/s] 23%|██▎       | 226/1000 [00:16<00:58, 13.27it/s] 23%|██▎       | 228/1000 [00:16<00:57, 13.40it/s] 23%|██▎       | 230/1000 [00:17<00:57, 13.37it/s] 23%|██▎       | 232/1000 [00:17<00:56, 13.49it/s] 23%|██▎       | 234/1000 [00:17<00:56, 13.52it/s] 24%|██▎       | 236/1000 [00:17<00:56, 13.49it/s] 24%|██▍       | 238/1000 [00:17<00:56, 13.39it/s] 24%|██▍       | 240/1000 [00:17<00:57, 13.26it/s] 24%|██▍       | 242/1000 [00:17<00:57, 13.07it/s] 24%|██▍       | 244/1000 [00:18<00:58, 13.03it/s] 25%|██▍       | 246/1000 [00:18<00:57, 13.06it/s] 25%|██▍       | 248/1000 [00:18<00:57, 13.08it/s] 25%|██▌       | 250/1000 [00:18<00:56, 13.28it/s] 25%|██▌       | 252/1000 [00:18<00:56, 13.35it/s] 25%|██▌       | 254/1000 [00:18<00:56, 13.23it/s] 26%|██▌       | 256/1000 [00:19<00:55, 13.36it/s] 26%|██▌       | 258/1000 [00:19<00:55, 13.48it/s] 26%|██▌       | 260/1000 [00:19<00:54, 13.56it/s] 26%|██▌       | 262/1000 [00:19<00:55, 13.32it/s] 26%|██▋       | 264/1000 [00:19<00:56, 13.02it/s] 27%|██▋       | 266/1000 [00:19<00:56, 13.04it/s] 27%|██▋       | 268/1000 [00:19<00:55, 13.28it/s] 27%|██▋       | 270/1000 [00:20<00:54, 13.36it/s] 27%|██▋       | 272/1000 [00:20<00:53, 13.51it/s] 27%|██▋       | 274/1000 [00:20<00:53, 13.59it/s] 28%|██▊       | 276/1000 [00:20<00:53, 13.65it/s] 28%|██▊       | 278/1000 [00:20<00:53, 13.61it/s] 28%|██▊       | 280/1000 [00:20<00:53, 13.36it/s] 28%|██▊       | 282/1000 [00:20<00:54, 13.20it/s] 28%|██▊       | 284/1000 [00:21<00:54, 13.17it/s] 29%|██▊       | 286/1000 [00:21<00:53, 13.27it/s] 29%|██▉       | 288/1000 [00:21<00:53, 13.32it/s] 29%|██▉       | 290/1000 [00:21<00:52, 13.45it/s] 29%|██▉       | 292/1000 [00:21<00:52, 13.53it/s] 29%|██▉       | 294/1000 [00:21<00:51, 13.58it/s] 30%|██▉       | 296/1000 [00:21<00:51, 13.64it/s] 30%|██▉       | 298/1000 [00:22<00:51, 13.62it/s] 30%|███       | 300/1000 [00:22<00:51, 13.61it/s] 30%|███       | 302/1000 [00:22<00:51, 13.59it/s] 30%|███       | 304/1000 [00:22<00:51, 13.63it/s] 31%|███       | 306/1000 [00:22<00:51, 13.60it/s] 31%|███       | 308/1000 [00:22<00:50, 13.57it/s] 31%|███       | 310/1000 [00:23<00:50, 13.62it/s] 31%|███       | 312/1000 [00:23<00:50, 13.67it/s] 31%|███▏      | 314/1000 [00:23<00:50, 13.69it/s] 32%|███▏      | 316/1000 [00:23<00:49, 13.71it/s] 32%|███▏      | 318/1000 [00:23<00:49, 13.70it/s] 32%|███▏      | 320/1000 [00:23<00:49, 13.68it/s] 32%|███▏      | 322/1000 [00:23<00:49, 13.72it/s] 32%|███▏      | 324/1000 [00:24<00:49, 13.71it/s] 33%|███▎      | 326/1000 [00:24<00:49, 13.70it/s] 33%|███▎      | 328/1000 [00:24<00:48, 13.75it/s] 33%|███▎      | 330/1000 [00:24<00:48, 13.79it/s] 33%|███▎      | 332/1000 [00:24<00:48, 13.82it/s] 33%|███▎      | 334/1000 [00:24<00:48, 13.80it/s] 34%|███▎      | 336/1000 [00:24<00:48, 13.80it/s] 34%|███▍      | 338/1000 [00:25<00:47, 13.81it/s] 34%|███▍      | 340/1000 [00:25<00:47, 13.83it/s] 34%|███▍      | 342/1000 [00:25<00:47, 13.81it/s] 34%|███▍      | 344/1000 [00:25<00:47, 13.69it/s] 35%|███▍      | 346/1000 [00:25<00:47, 13.75it/s] 35%|███▍      | 348/1000 [00:25<00:47, 13.78it/s] 35%|███▌      | 350/1000 [00:25<00:47, 13.81it/s] 35%|███▌      | 352/1000 [00:26<00:46, 13.83it/s] 35%|███▌      | 354/1000 [00:26<00:46, 13.82it/s] 36%|███▌      | 356/1000 [00:26<00:46, 13.85it/s] 36%|███▌      | 358/1000 [00:26<00:46, 13.90it/s] 36%|███▌      | 360/1000 [00:26<00:45, 13.92it/s] 36%|███▌      | 362/1000 [00:26<00:45, 13.88it/s] 36%|███▋      | 364/1000 [00:26<00:46, 13.80it/s] 37%|███▋      | 366/1000 [00:27<00:45, 13.83it/s] 37%|███▋      | 368/1000 [00:27<00:45, 13.80it/s] 37%|███▋      | 370/1000 [00:27<00:45, 13.86it/s] 37%|███▋      | 372/1000 [00:27<00:45, 13.88it/s] 37%|███▋      | 374/1000 [00:27<00:45, 13.88it/s] 38%|███▊      | 376/1000 [00:27<00:45, 13.86it/s] 38%|███▊      | 378/1000 [00:27<00:47, 13.22it/s] 38%|███▊      | 380/1000 [00:28<00:46, 13.40it/s] 38%|███▊      | 382/1000 [00:28<00:45, 13.50it/s] 38%|███▊      | 384/1000 [00:28<00:45, 13.60it/s] 39%|███▊      | 386/1000 [00:28<00:44, 13.72it/s] 39%|███▉      | 388/1000 [00:28<00:44, 13.78it/s] 39%|███▉      | 390/1000 [00:28<00:44, 13.79it/s] 39%|███▉      | 392/1000 [00:28<00:44, 13.80it/s] 39%|███▉      | 394/1000 [00:29<00:43, 13.82it/s] 40%|███▉      | 396/1000 [00:29<00:43, 13.84it/s] 40%|███▉      | 398/1000 [00:29<00:43, 13.85it/s] 40%|████      | 400/1000 [00:29<00:43, 13.88it/s] 40%|████      | 402/1000 [00:29<00:43, 13.89it/s] 40%|████      | 404/1000 [00:29<00:42, 13.90it/s] 41%|████      | 406/1000 [00:29<00:42, 13.86it/s] 41%|████      | 408/1000 [00:30<00:42, 13.88it/s] 41%|████      | 410/1000 [00:30<00:42, 13.86it/s] 41%|████      | 412/1000 [00:30<00:42, 13.86it/s] 41%|████▏     | 414/1000 [00:30<00:42, 13.86it/s] 42%|████▏     | 416/1000 [00:30<00:42, 13.83it/s] 42%|████▏     | 418/1000 [00:30<00:42, 13.81it/s] 42%|████▏     | 420/1000 [00:31<00:42, 13.70it/s] 42%|████▏     | 422/1000 [00:31<00:42, 13.72it/s] 42%|████▏     | 424/1000 [00:31<00:41, 13.77it/s] 43%|████▎     | 426/1000 [00:31<00:41, 13.80it/s] 43%|████▎     | 428/1000 [00:31<00:41, 13.83it/s] 43%|████▎     | 430/1000 [00:31<00:41, 13.85it/s] 43%|████▎     | 432/1000 [00:31<00:40, 13.86it/s] 43%|████▎     | 434/1000 [00:32<00:40, 13.84it/s] 44%|████▎     | 436/1000 [00:32<00:40, 13.84it/s] 44%|████▍     | 438/1000 [00:32<00:40, 13.88it/s] 44%|████▍     | 440/1000 [00:32<00:40, 13.89it/s] 44%|████▍     | 442/1000 [00:32<00:40, 13.91it/s] 44%|████▍     | 444/1000 [00:32<00:39, 13.91it/s] 45%|████▍     | 446/1000 [00:32<00:39, 13.85it/s] 45%|████▍     | 448/1000 [00:33<00:39, 13.83it/s] 45%|████▌     | 450/1000 [00:33<00:39, 13.86it/s] 45%|████▌     | 452/1000 [00:33<00:39, 13.87it/s] 45%|████▌     | 454/1000 [00:33<00:39, 13.86it/s] 46%|████▌     | 456/1000 [00:33<00:39, 13.88it/s] 46%|████▌     | 458/1000 [00:33<00:39, 13.89it/s] 46%|████▌     | 460/1000 [00:33<00:38, 13.88it/s] 46%|████▌     | 462/1000 [00:34<00:38, 13.86it/s] 46%|████▋     | 464/1000 [00:34<00:38, 13.87it/s] 47%|████▋     | 466/1000 [00:34<00:38, 13.88it/s] 47%|████▋     | 468/1000 [00:34<00:38, 13.86it/s] 47%|████▋     | 470/1000 [00:34<00:38, 13.87it/s] 47%|████▋     | 472/1000 [00:34<00:38, 13.87it/s] 47%|████▋     | 474/1000 [00:34<00:38, 13.83it/s] 48%|████▊     | 476/1000 [00:35<00:37, 13.83it/s] 48%|████▊     | 478/1000 [00:35<00:37, 13.83it/s] 48%|████▊     | 480/1000 [00:35<00:37, 13.84it/s] 48%|████▊     | 482/1000 [00:35<00:37, 13.86it/s] 48%|████▊     | 484/1000 [00:35<00:37, 13.89it/s] 49%|████▊     | 486/1000 [00:35<00:37, 13.83it/s] 49%|████▉     | 488/1000 [00:35<00:37, 13.79it/s] 49%|████▉     | 490/1000 [00:36<00:37, 13.78it/s] 49%|████▉     | 492/1000 [00:36<00:36, 13.77it/s] 49%|████▉     | 494/1000 [00:36<00:36, 13.80it/s] 50%|████▉     | 496/1000 [00:36<00:36, 13.81it/s] 50%|████▉     | 498/1000 [00:36<00:36, 13.78it/s] 50%|█████     | 500/1000 [00:36<00:36, 13.73it/s] 50%|█████     | 502/1000 [00:36<00:36, 13.70it/s] 50%|█████     | 504/1000 [00:37<00:36, 13.67it/s] 51%|█████     | 506/1000 [00:37<00:36, 13.63it/s] 51%|█████     | 508/1000 [00:37<00:35, 13.68it/s] 51%|█████     | 510/1000 [00:37<00:35, 13.65it/s] 51%|█████     | 512/1000 [00:37<00:35, 13.72it/s] 51%|█████▏    | 514/1000 [00:37<00:35, 13.71it/s] 52%|█████▏    | 516/1000 [00:37<00:35, 13.68it/s] 52%|█████▏    | 518/1000 [00:38<00:35, 13.70it/s] 52%|█████▏    | 520/1000 [00:38<00:35, 13.71it/s] 52%|█████▏    | 522/1000 [00:38<00:34, 13.72it/s] 52%|█████▏    | 524/1000 [00:38<00:34, 13.78it/s] 53%|█████▎    | 526/1000 [00:38<00:34, 13.80it/s] 53%|█████▎    | 528/1000 [00:38<00:34, 13.83it/s] 53%|█████▎    | 530/1000 [00:38<00:34, 13.78it/s] 53%|█████▎    | 532/1000 [00:39<00:33, 13.82it/s] 53%|█████▎    | 534/1000 [00:39<00:33, 13.77it/s] 54%|█████▎    | 536/1000 [00:39<00:33, 13.78it/s] 54%|█████▍    | 538/1000 [00:39<00:33, 13.74it/s] 54%|█████▍    | 540/1000 [00:39<00:33, 13.67it/s] 54%|█████▍    | 542/1000 [00:39<00:33, 13.71it/s] 54%|█████▍    | 544/1000 [00:39<00:33, 13.73it/s] 55%|█████▍    | 546/1000 [00:40<00:33, 13.73it/s] 55%|█████▍    | 548/1000 [00:40<00:32, 13.74it/s] 55%|█████▌    | 550/1000 [00:40<00:32, 13.75it/s] 55%|█████▌    | 552/1000 [00:40<00:32, 13.77it/s] 55%|█████▌    | 554/1000 [00:40<00:32, 13.76it/s] 56%|█████▌    | 556/1000 [00:40<00:32, 13.71it/s] 56%|█████▌    | 558/1000 [00:41<00:32, 13.68it/s] 56%|█████▌    | 560/1000 [00:41<00:32, 13.69it/s] 56%|█████▌    | 562/1000 [00:41<00:32, 13.63it/s] 56%|█████▋    | 564/1000 [00:41<00:31, 13.66it/s] 57%|█████▋    | 566/1000 [00:41<00:31, 13.72it/s] 57%|█████▋    | 568/1000 [00:41<00:31, 13.75it/s] 57%|█████▋    | 570/1000 [00:41<00:31, 13.77it/s] 57%|█████▋    | 572/1000 [00:42<00:31, 13.74it/s] 57%|█████▋    | 574/1000 [00:42<00:30, 13.75it/s] 58%|█████▊    | 576/1000 [00:42<00:30, 13.77it/s] 58%|█████▊    | 578/1000 [00:42<00:32, 12.95it/s] 58%|█████▊    | 580/1000 [00:42<00:44,  9.48it/s] 58%|█████▊    | 582/1000 [00:43<00:49,  8.39it/s] 58%|█████▊    | 583/1000 [00:43<00:51,  8.16it/s] 58%|█████▊    | 584/1000 [00:43<00:52,  7.96it/s] 58%|█████▊    | 585/1000 [00:43<00:53,  7.82it/s] 59%|█████▊    | 586/1000 [00:43<00:55,  7.49it/s] 59%|█████▊    | 587/1000 [00:43<00:57,  7.16it/s] 59%|█████▉    | 588/1000 [00:43<00:53,  7.63it/s] 59%|█████▉    | 589/1000 [00:44<00:55,  7.45it/s] 59%|█████▉    | 590/1000 [00:44<00:56,  7.30it/s] 59%|█████▉    | 591/1000 [00:44<00:56,  7.26it/s] 59%|█████▉    | 592/1000 [00:44<00:52,  7.74it/s] 59%|█████▉    | 593/1000 [00:44<00:55,  7.34it/s] 59%|█████▉    | 594/1000 [00:44<00:53,  7.56it/s] 60%|█████▉    | 595/1000 [00:44<00:56,  7.20it/s] 60%|█████▉    | 596/1000 [00:45<01:00,  6.71it/s] 60%|█████▉    | 597/1000 [00:45<01:00,  6.69it/s] 60%|█████▉    | 598/1000 [00:45<01:01,  6.54it/s] 60%|█████▉    | 599/1000 [00:45<01:03,  6.33it/s] 60%|██████    | 600/1000 [00:45<01:01,  6.45it/s] 60%|██████    | 602/1000 [00:45<00:50,  7.92it/s] 60%|██████    | 604/1000 [00:46<00:46,  8.50it/s] 61%|██████    | 606/1000 [00:46<00:42,  9.31it/s] 61%|██████    | 608/1000 [00:46<00:40,  9.77it/s] 61%|██████    | 610/1000 [00:46<00:40,  9.60it/s] 61%|██████    | 612/1000 [00:46<00:37, 10.45it/s] 61%|██████▏   | 614/1000 [00:47<00:34, 11.27it/s] 62%|██████▏   | 616/1000 [00:47<00:32, 11.95it/s] 62%|██████▏   | 618/1000 [00:47<00:30, 12.41it/s] 62%|██████▏   | 620/1000 [00:47<00:29, 12.72it/s] 62%|██████▏   | 622/1000 [00:47<00:29, 13.02it/s] 62%|██████▏   | 624/1000 [00:47<00:28, 13.27it/s] 63%|██████▎   | 626/1000 [00:47<00:27, 13.37it/s] 63%|██████▎   | 628/1000 [00:48<00:27, 13.47it/s] 63%|██████▎   | 630/1000 [00:48<00:27, 13.50it/s] 63%|██████▎   | 632/1000 [00:48<00:27, 13.51it/s] 63%|██████▎   | 634/1000 [00:48<00:26, 13.57it/s] 64%|██████▎   | 636/1000 [00:48<00:26, 13.59it/s] 64%|██████▍   | 638/1000 [00:48<00:26, 13.65it/s] 64%|██████▍   | 640/1000 [00:48<00:26, 13.70it/s] 64%|██████▍   | 642/1000 [00:49<00:26, 13.72it/s] 64%|██████▍   | 644/1000 [00:49<00:25, 13.73it/s] 65%|██████▍   | 646/1000 [00:49<00:25, 13.74it/s] 65%|██████▍   | 648/1000 [00:49<00:25, 13.78it/s] 65%|██████▌   | 650/1000 [00:49<00:25, 13.79it/s] 65%|██████▌   | 652/1000 [00:49<00:25, 13.73it/s] 65%|██████▌   | 654/1000 [00:49<00:25, 13.71it/s] 66%|██████▌   | 656/1000 [00:50<00:25, 13.71it/s] 66%|██████▌   | 658/1000 [00:50<00:25, 13.65it/s] 66%|██████▌   | 660/1000 [00:50<00:24, 13.69it/s] 66%|██████▌   | 662/1000 [00:50<00:24, 13.72it/s] 66%|██████▋   | 664/1000 [00:50<00:24, 13.74it/s] 67%|██████▋   | 666/1000 [00:50<00:24, 13.76it/s] 67%|██████▋   | 668/1000 [00:50<00:24, 13.75it/s] 67%|██████▋   | 670/1000 [00:51<00:24, 13.71it/s] 67%|██████▋   | 672/1000 [00:51<00:23, 13.75it/s] 67%|██████▋   | 674/1000 [00:51<00:23, 13.74it/s] 68%|██████▊   | 676/1000 [00:51<00:23, 13.67it/s] 68%|██████▊   | 678/1000 [00:51<00:23, 13.64it/s] 68%|██████▊   | 680/1000 [00:51<00:23, 13.64it/s] 68%|██████▊   | 682/1000 [00:51<00:23, 13.65it/s] 68%|██████▊   | 684/1000 [00:52<00:23, 13.69it/s] 69%|██████▊   | 686/1000 [00:52<00:22, 13.73it/s] 69%|██████▉   | 688/1000 [00:52<00:22, 13.74it/s] 69%|██████▉   | 690/1000 [00:52<00:22, 13.72it/s] 69%|██████▉   | 692/1000 [00:52<00:22, 13.73it/s] 69%|██████▉   | 694/1000 [00:52<00:22, 13.75it/s] 70%|██████▉   | 696/1000 [00:53<00:22, 13.70it/s] 70%|██████▉   | 698/1000 [00:53<00:22, 13.70it/s] 70%|███████   | 700/1000 [00:53<00:21, 13.71it/s] 70%|███████   | 702/1000 [00:53<00:21, 13.75it/s] 70%|███████   | 704/1000 [00:53<00:21, 13.77it/s] 71%|███████   | 706/1000 [00:53<00:21, 13.75it/s] 71%|███████   | 708/1000 [00:53<00:21, 13.75it/s] 71%|███████   | 710/1000 [00:54<00:21, 13.75it/s] 71%|███████   | 712/1000 [00:54<00:20, 13.76it/s] 71%|███████▏  | 714/1000 [00:54<00:20, 13.70it/s] 72%|███████▏  | 716/1000 [00:54<00:20, 13.74it/s] 72%|███████▏  | 718/1000 [00:54<00:20, 13.76it/s] 72%|███████▏  | 720/1000 [00:54<00:20, 13.79it/s] 72%|███████▏  | 722/1000 [00:54<00:20, 13.82it/s] 72%|███████▏  | 724/1000 [00:55<00:19, 13.84it/s] 73%|███████▎  | 726/1000 [00:55<00:19, 13.89it/s] 73%|███████▎  | 728/1000 [00:55<00:19, 13.92it/s] 73%|███████▎  | 730/1000 [00:55<00:19, 13.93it/s] 73%|███████▎  | 732/1000 [00:55<00:19, 13.93it/s] 73%|███████▎  | 734/1000 [00:55<00:19, 13.90it/s] 74%|███████▎  | 736/1000 [00:55<00:19, 13.88it/s] 74%|███████▍  | 738/1000 [00:56<00:18, 13.87it/s] 74%|███████▍  | 740/1000 [00:56<00:18, 13.83it/s] 74%|███████▍  | 742/1000 [00:56<00:18, 13.85it/s] 74%|███████▍  | 744/1000 [00:56<00:18, 13.86it/s] 75%|███████▍  | 746/1000 [00:56<00:18, 13.86it/s]/home/jules/.pyenv/versions/3.12.13/lib/python3.12/site-packages/joblib/externals/loky/backend/resource_tracker.py:359: UserWarning: resource_tracker: There appear to be 10 leaked semlock objects to clean up at shutdown
  warnings.warn(
/home/jules/.pyenv/versions/3.12.13/lib/python3.12/site-packages/joblib/externals/loky/backend/resource_tracker.py:359: UserWarning: resource_tracker: There appear to be 2 leaked folder objects to clean up at shutdown
  warnings.warn(
